// Jest Snapshot v1, https://goo.gl/fbAQLP

exports[`NewsContainer should match the snapshot with all data correctly passed 1`] = `
<section
  className="news-container"
>
  <NewsArticle
    description="C"
    headline="A"
    id={1}
    img="B"
    key="1"
    url="D"
  />
</section>
`;
